
> devkarma@0.1.0 build
> next build

Γû▓ Next.js 16.1.5 (Turbopack)
- Environments: .env.local, .env

  Creating an optimized production build ...
Γ£ô Compiled successfully in 4.4s
  Running TypeScript ...
  Collecting page data using 11 workers ...
  Generating static pages using 11 workers (0/10) ...
  Generating static pages using 11 workers (2/10) 
  Generating static pages using 11 workers (4/10) 
Error fetching leaderboard: TypeError: fetch failed
    at async g (C:\Users\offic\Projects\devkarma\.next\server\chunks\ssr\[root-of-the-server]__d5f3d9cc._.js:1:4249)
    at async h (C:\Users\offic\Projects\devkarma\.next\server\chunks\ssr\[root-of-the-server]__d5f3d9cc._.js:1:4513) {
  [cause]: AggregateError: 
      at ignore-listed frames {
    code: 'ECONNREFUSED'
  }
}
Error fetching top builders: TypeError: fetch failed
    at async m (C:\Users\offic\Projects\devkarma\.next\server\chunks\ssr\[root-of-the-server]__b6d98e2c._.js:1:6570)
    at async n (C:\Users\offic\Projects\devkarma\.next\server\chunks\ssr\[root-of-the-server]__b6d98e2c._.js:1:6804) {
  [cause]: AggregateError: 
      at ignore-listed frames {
    code: 'ECONNREFUSED'
  }
}
  Generating static pages using 11 workers (7/10) 
Γ£ô Generating static pages using 11 workers (10/10) in 1013.3ms
  Finalizing page optimization ...

Route (app)                  Revalidate  Expire
Γöî Γùï /                                1m      1y
Γö£ Γùï /_not-found
Γö£ ╞Æ /api/auth/[...nextauth]
Γö£ ╞Æ /api/leaderboard
Γö£ ╞Æ /api/profile/[handle]
Γö£ ╞Æ /api/search
Γö£ ╞Æ /api/user/sync
Γö£ ╞Æ /api/wallet
Γö£ ╞Æ /api/wallet/nonce
Γö£ ╞Æ /api/wallet/verify
Γö£ Γùï /leaderboard                     1m      1y
Γöö ╞Æ /profile/[handle]


Γùï  (Static)   prerendered as static content
╞Æ  (Dynamic)  server-rendered on demand

